1786235746.321864 client started (826211): version 3.5a, socket /tmp/tmux-1001/default, protocol 8
1786235746.321882 on Linux 6.1.0-37-amd64 #1 SMP PREEMPT_DYNAMIC Debian 6.1.140-1 (2025-05-22)
1786235746.321886 using libevent 2.1.12-stable poll
1786235746.321889 using ncurses 6.5 20250125
1786235746.321905 flags are 0x10010000
1786235746.321917 socket is /tmp/tmux-1001/default
1786235746.321929 trying connect
1786235746.321986 add peer 0x7f6c61696340: 6 ((nil))
1786235746.322240 sending message 111 to peer 0x7f6c61696340 (8 bytes)
1786235746.322248 sending message 111 to peer 0x7f6c61696340 (8 bytes)
1786235746.322252 sending message 101 to peer 0x7f6c61696340 (14 bytes)
1786235746.322255 sending message 109 to peer 0x7f6c61696340 (4 bytes)
1786235746.322259 sending message 102 to peer 0x7f6c61696340 (11 bytes)
1786235746.322262 sending message 108 to peer 0x7f6c61696340 (29 bytes)
1786235746.322265 sending message 112 to peer 0x7f6c61696340 (70 bytes)
1786235746.322269 sending message 112 to peer 0x7f6c61696340 (5 bytes)
1786235746.322272 sending message 112 to peer 0x7f6c61696340 (5 bytes)
1786235746.322275 sending message 112 to peer 0x7f6c61696340 (6 bytes)
1786235746.322278 sending message 112 to peer 0x7f6c61696340 (6 bytes)
1786235746.322282 sending message 112 to peer 0x7f6c61696340 (11 bytes)
1786235746.322285 sending message 112 to peer 0x7f6c61696340 (10 bytes)
1786235746.322288 sending message 112 to peer 0x7f6c61696340 (13 bytes)
1786235746.322292 sending message 112 to peer 0x7f6c61696340 (13 bytes)
1786235746.322295 sending message 112 to peer 0x7f6c61696340 (18 bytes)
1786235746.322309 sending message 112 to peer 0x7f6c61696340 (11 bytes)
1786235746.322313 sending message 112 to peer 0x7f6c61696340 (10 bytes)
1786235746.322316 sending message 112 to peer 0x7f6c61696340 (15 bytes)
1786235746.322319 sending message 112 to peer 0x7f6c61696340 (21 bytes)
1786235746.322322 sending message 112 to peer 0x7f6c61696340 (13 bytes)
1786235746.322326 sending message 112 to peer 0x7f6c61696340 (7 bytes)
1786235746.322329 sending message 112 to peer 0x7f6c61696340 (13 bytes)
1786235746.322332 sending message 112 to peer 0x7f6c61696340 (7 bytes)
1786235746.322335 sending message 112 to peer 0x7f6c61696340 (13 bytes)
1786235746.322339 sending message 112 to peer 0x7f6c61696340 (9 bytes)
1786235746.322342 sending message 112 to peer 0x7f6c61696340 (21 bytes)
1786235746.322345 sending message 112 to peer 0x7f6c61696340 (13 bytes)
1786235746.322348 sending message 112 to peer 0x7f6c61696340 (8 bytes)
1786235746.322352 sending message 112 to peer 0x7f6c61696340 (12 bytes)
1786235746.322355 sending message 112 to peer 0x7f6c61696340 (13 bytes)
1786235746.322358 sending message 112 to peer 0x7f6c61696340 (9 bytes)
1786235746.322361 sending message 112 to peer 0x7f6c61696340 (9 bytes)
1786235746.322365 sending message 112 to peer 0x7f6c61696340 (12 bytes)
1786235746.322368 sending message 112 to peer 0x7f6c61696340 (8 bytes)
1786235746.322371 sending message 112 to peer 0x7f6c61696340 (8 bytes)
1786235746.322374 sending message 112 to peer 0x7f6c61696340 (7 bytes)
1786235746.322378 sending message 112 to peer 0x7f6c61696340 (7 bytes)
1786235746.322381 sending message 112 to peer 0x7f6c61696340 (9 bytes)
1786235746.322384 sending message 112 to peer 0x7f6c61696340 (13 bytes)
1786235746.322388 sending message 112 to peer 0x7f6c61696340 (6 bytes)
1786235746.322391 sending message 112 to peer 0x7f6c61696340 (9 bytes)
1786235746.322394 sending message 112 to peer 0x7f6c61696340 (15 bytes)
1786235746.322397 sending message 112 to peer 0x7f6c61696340 (13 bytes)
1786235746.322401 sending message 112 to peer 0x7f6c61696340 (12 bytes)
1786235746.322404 sending message 112 to peer 0x7f6c61696340 (8 bytes)
1786235746.322407 sending message 112 to peer 0x7f6c61696340 (14 bytes)
1786235746.322410 sending message 112 to peer 0x7f6c61696340 (11 bytes)
1786235746.322414 sending message 112 to peer 0x7f6c61696340 (9 bytes)
1786235746.322417 sending message 112 to peer 0x7f6c61696340 (10 bytes)
1786235746.322420 sending message 112 to peer 0x7f6c61696340 (10 bytes)
1786235746.322430 sending message 112 to peer 0x7f6c61696340 (10 bytes)
1786235746.322433 sending message 112 to peer 0x7f6c61696340 (10 bytes)
1786235746.322437 sending message 112 to peer 0x7f6c61696340 (11 bytes)
1786235746.322440 sending message 112 to peer 0x7f6c61696340 (12 bytes)
1786235746.322443 sending message 112 to peer 0x7f6c61696340 (12 bytes)
1786235746.322446 sending message 112 to peer 0x7f6c61696340 (12 bytes)
1786235746.322450 sending message 112 to peer 0x7f6c61696340 (12 bytes)
1786235746.322453 sending message 112 to peer 0x7f6c61696340 (12 bytes)
1786235746.322456 sending message 112 to peer 0x7f6c61696340 (11 bytes)
1786235746.322459 sending message 112 to peer 0x7f6c61696340 (11 bytes)
1786235746.322463 sending message 112 to peer 0x7f6c61696340 (12 bytes)
1786235746.322466 sending message 112 to peer 0x7f6c61696340 (12 bytes)
1786235746.322470 sending message 112 to peer 0x7f6c61696340 (12 bytes)
1786235746.322473 sending message 112 to peer 0x7f6c61696340 (12 bytes)
1786235746.322477 sending message 112 to peer 0x7f6c61696340 (12 bytes)
1786235746.322480 sending message 112 to peer 0x7f6c61696340 (10 bytes)
1786235746.322483 sending message 112 to peer 0x7f6c61696340 (12 bytes)
1786235746.322487 sending message 112 to peer 0x7f6c61696340 (13 bytes)
1786235746.322490 sending message 112 to peer 0x7f6c61696340 (13 bytes)
1786235746.322493 sending message 112 to peer 0x7f6c61696340 (13 bytes)
1786235746.322496 sending message 112 to peer 0x7f6c61696340 (13 bytes)
1786235746.322500 sending message 112 to peer 0x7f6c61696340 (13 bytes)
1786235746.322503 sending message 112 to peer 0x7f6c61696340 (8 bytes)
1786235746.322506 sending message 112 to peer 0x7f6c61696340 (11 bytes)
1786235746.322509 sending message 112 to peer 0x7f6c61696340 (11 bytes)
1786235746.322513 sending message 112 to peer 0x7f6c61696340 (11 bytes)
1786235746.322516 sending message 112 to peer 0x7f6c61696340 (12 bytes)
1786235746.322519 sending message 112 to peer 0x7f6c61696340 (12 bytes)
1786235746.322523 sending message 112 to peer 0x7f6c61696340 (12 bytes)
1786235746.322526 sending message 112 to peer 0x7f6c61696340 (12 bytes)
1786235746.322529 sending message 112 to peer 0x7f6c61696340 (13 bytes)
1786235746.322532 sending message 112 to peer 0x7f6c61696340 (13 bytes)
1786235746.322536 sending message 112 to peer 0x7f6c61696340 (13 bytes)
1786235746.322539 sending message 112 to peer 0x7f6c61696340 (8 bytes)
1786235746.322542 sending message 112 to peer 0x7f6c61696340 (13 bytes)
1786235746.322545 sending message 112 to peer 0x7f6c61696340 (13 bytes)
1786235746.322549 sending message 112 to peer 0x7f6c61696340 (13 bytes)
1786235746.322552 sending message 112 to peer 0x7f6c61696340 (13 bytes)
1786235746.322555 sending message 112 to peer 0x7f6c61696340 (13 bytes)
1786235746.322558 sending message 112 to peer 0x7f6c61696340 (12 bytes)
1786235746.322562 sending message 112 to peer 0x7f6c61696340 (12 bytes)
1786235746.322565 sending message 112 to peer 0x7f6c61696340 (12 bytes)
1786235746.322569 sending message 112 to peer 0x7f6c61696340 (12 bytes)
1786235746.322572 sending message 112 to peer 0x7f6c61696340 (13 bytes)
1786235746.322575 sending message 112 to peer 0x7f6c61696340 (8 bytes)
1786235746.322578 sending message 112 to peer 0x7f6c61696340 (13 bytes)
1786235746.322582 sending message 112 to peer 0x7f6c61696340 (13 bytes)
1786235746.322585 sending message 112 to peer 0x7f6c61696340 (13 bytes)
1786235746.322588 sending message 112 to peer 0x7f6c61696340 (13 bytes)
1786235746.322592 sending message 112 to peer 0x7f6c61696340 (13 bytes)
1786235746.322595 sending message 112 to peer 0x7f6c61696340 (13 bytes)
1786235746.322598 sending message 112 to peer 0x7f6c61696340 (13 bytes)
1786235746.322601 sending message 112 to peer 0x7f6c61696340 (12 bytes)
1786235746.322605 sending message 112 to peer 0x7f6c61696340 (12 bytes)
1786235746.322608 sending message 112 to peer 0x7f6c61696340 (12 bytes)
1786235746.322611 sending message 112 to peer 0x7f6c61696340 (8 bytes)
1786235746.322614 sending message 112 to peer 0x7f6c61696340 (12 bytes)
1786235746.322622 sending message 112 to peer 0x7f6c61696340 (13 bytes)
1786235746.322625 sending message 112 to peer 0x7f6c61696340 (13 bytes)
1786235746.322628 sending message 112 to peer 0x7f6c61696340 (13 bytes)
1786235746.322632 sending message 112 to peer 0x7f6c61696340 (13 bytes)
1786235746.322635 sending message 112 to peer 0x7f6c61696340 (13 bytes)
1786235746.322638 sending message 112 to peer 0x7f6c61696340 (13 bytes)
1786235746.322641 sending message 112 to peer 0x7f6c61696340 (13 bytes)
1786235746.322645 sending message 112 to peer 0x7f6c61696340 (13 bytes)
1786235746.322648 sending message 112 to peer 0x7f6c61696340 (12 bytes)
1786235746.322651 sending message 112 to peer 0x7f6c61696340 (10 bytes)
1786235746.322655 sending message 112 to peer 0x7f6c61696340 (12 bytes)
1786235746.322658 sending message 112 to peer 0x7f6c61696340 (12 bytes)
1786235746.322661 sending message 112 to peer 0x7f6c61696340 (12 bytes)
1786235746.322664 sending message 112 to peer 0x7f6c61696340 (13 bytes)
1786235746.322668 sending message 112 to peer 0x7f6c61696340 (13 bytes)
1786235746.322671 sending message 112 to peer 0x7f6c61696340 (13 bytes)
1786235746.322674 sending message 112 to peer 0x7f6c61696340 (13 bytes)
1786235746.322678 sending message 112 to peer 0x7f6c61696340 (13 bytes)
1786235746.322681 sending message 112 to peer 0x7f6c61696340 (13 bytes)
1786235746.322684 sending message 112 to peer 0x7f6c61696340 (13 bytes)
1786235746.322688 sending message 112 to peer 0x7f6c61696340 (10 bytes)
1786235746.322691 sending message 112 to peer 0x7f6c61696340 (13 bytes)
1786235746.322694 sending message 112 to peer 0x7f6c61696340 (12 bytes)
1786235746.322698 sending message 112 to peer 0x7f6c61696340 (12 bytes)
1786235746.322701 sending message 112 to peer 0x7f6c61696340 (12 bytes)
1786235746.322704 sending message 112 to peer 0x7f6c61696340 (10 bytes)
1786235746.322707 sending message 112 to peer 0x7f6c61696340 (10 bytes)
1786235746.322711 sending message 112 to peer 0x7f6c61696340 (10 bytes)
1786235746.322714 sending message 112 to peer 0x7f6c61696340 (12 bytes)
1786235746.322717 sending message 112 to peer 0x7f6c61696340 (13 bytes)
1786235746.322721 sending message 112 to peer 0x7f6c61696340 (13 bytes)
1786235746.322724 sending message 112 to peer 0x7f6c61696340 (13 bytes)
1786235746.322727 sending message 112 to peer 0x7f6c61696340 (13 bytes)
1786235746.322730 sending message 112 to peer 0x7f6c61696340 (13 bytes)
1786235746.322734 sending message 112 to peer 0x7f6c61696340 (11 bytes)
1786235746.322737 sending message 112 to peer 0x7f6c61696340 (11 bytes)
1786235746.322740 sending message 112 to peer 0x7f6c61696340 (12 bytes)
1786235746.322743 sending message 112 to peer 0x7f6c61696340 (12 bytes)
1786235746.322747 sending message 112 to peer 0x7f6c61696340 (12 bytes)
1786235746.322750 sending message 112 to peer 0x7f6c61696340 (12 bytes)
1786235746.322753 sending message 112 to peer 0x7f6c61696340 (12 bytes)
1786235746.322757 sending message 112 to peer 0x7f6c61696340 (11 bytes)
1786235746.322760 sending message 112 to peer 0x7f6c61696340 (12 bytes)
1786235746.322763 sending message 112 to peer 0x7f6c61696340 (12 bytes)
1786235746.322766 sending message 112 to peer 0x7f6c61696340 (13 bytes)
1786235746.322770 sending message 112 to peer 0x7f6c61696340 (13 bytes)
1786235746.322773 sending message 112 to peer 0x7f6c61696340 (13 bytes)
1786235746.322776 sending message 112 to peer 0x7f6c61696340 (13 bytes)
1786235746.322780 sending message 112 to peer 0x7f6c61696340 (13 bytes)
1786235746.322783 sending message 112 to peer 0x7f6c61696340 (10 bytes)
1786235746.322786 sending message 112 to peer 0x7f6c61696340 (9 bytes)
1786235746.322789 sending message 112 to peer 0x7f6c61696340 (12 bytes)
1786235746.322793 sending message 112 to peer 0x7f6c61696340 (13 bytes)
1786235746.322796 sending message 112 to peer 0x7f6c61696340 (13 bytes)
1786235746.322799 sending message 112 to peer 0x7f6c61696340 (13 bytes)
1786235746.322802 sending message 112 to peer 0x7f6c61696340 (13 bytes)
1786235746.322806 sending message 112 to peer 0x7f6c61696340 (13 bytes)
1786235746.322813 sending message 112 to peer 0x7f6c61696340 (9 bytes)
1786235746.322816 sending message 112 to peer 0x7f6c61696340 (12 bytes)
1786235746.322819 sending message 112 to peer 0x7f6c61696340 (13 bytes)
1786235746.322822 sending message 112 to peer 0x7f6c61696340 (13 bytes)
1786235746.322826 sending message 112 to peer 0x7f6c61696340 (13 bytes)
1786235746.322829 sending message 112 to peer 0x7f6c61696340 (13 bytes)
1786235746.322832 sending message 112 to peer 0x7f6c61696340 (13 bytes)
1786235746.322835 sending message 112 to peer 0x7f6c61696340 (11 bytes)
1786235746.322839 sending message 112 to peer 0x7f6c61696340 (12 bytes)
1786235746.322842 sending message 112 to peer 0x7f6c61696340 (13 bytes)
1786235746.322845 sending message 112 to peer 0x7f6c61696340 (13 bytes)
1786235746.322849 sending message 112 to peer 0x7f6c61696340 (13 bytes)
1786235746.322852 sending message 112 to peer 0x7f6c61696340 (13 bytes)
1786235746.322855 sending message 112 to peer 0x7f6c61696340 (13 bytes)
1786235746.322858 sending message 112 to peer 0x7f6c61696340 (11 bytes)
1786235746.322862 sending message 112 to peer 0x7f6c61696340 (12 bytes)
1786235746.322865 sending message 112 to peer 0x7f6c61696340 (12 bytes)
1786235746.322868 sending message 112 to peer 0x7f6c61696340 (12 bytes)
1786235746.322872 sending message 112 to peer 0x7f6c61696340 (12 bytes)
1786235746.322875 sending message 112 to peer 0x7f6c61696340 (12 bytes)
1786235746.322878 sending message 112 to peer 0x7f6c61696340 (21 bytes)
1786235746.322881 sending message 112 to peer 0x7f6c61696340 (12 bytes)
1786235746.322885 sending message 112 to peer 0x7f6c61696340 (9 bytes)
1786235746.322888 sending message 112 to peer 0x7f6c61696340 (6 bytes)
1786235746.322891 sending message 112 to peer 0x7f6c61696340 (13 bytes)
1786235746.322894 sending message 112 to peer 0x7f6c61696340 (8 bytes)
1786235746.322898 sending message 112 to peer 0x7f6c61696340 (15 bytes)
1786235746.322901 sending message 112 to peer 0x7f6c61696340 (13 bytes)
1786235746.322905 sending message 112 to peer 0x7f6c61696340 (9 bytes)
1786235746.322908 sending message 112 to peer 0x7f6c61696340 (70 bytes)
1786235746.322912 sending message 112 to peer 0x7f6c61696340 (69 bytes)
1786235746.322915 sending message 112 to peer 0x7f6c61696340 (10 bytes)
1786235746.322918 sending message 112 to peer 0x7f6c61696340 (10 bytes)
1786235746.322922 sending message 112 to peer 0x7f6c61696340 (8 bytes)
1786235746.322925 sending message 112 to peer 0x7f6c61696340 (15 bytes)
1786235746.322928 sending message 112 to peer 0x7f6c61696340 (13 bytes)
1786235746.322932 sending message 112 to peer 0x7f6c61696340 (10 bytes)
1786235746.322935 sending message 112 to peer 0x7f6c61696340 (10 bytes)
1786235746.322938 sending message 112 to peer 0x7f6c61696340 (17 bytes)
1786235746.322941 sending message 112 to peer 0x7f6c61696340 (10 bytes)
1786235746.322945 sending message 112 to peer 0x7f6c61696340 (13 bytes)
1786235746.322948 sending message 112 to peer 0x7f6c61696340 (9 bytes)
1786235746.322951 sending message 112 to peer 0x7f6c61696340 (5 bytes)
1786235746.322954 sending message 112 to peer 0x7f6c61696340 (15 bytes)
1786235746.322958 sending message 104 to peer 0x7f6c61696340 (0 bytes)
1786235746.322962 sending message 110 to peer 0x7f6c61696340 (0 bytes)
1786235746.322966 sending message 107 to peer 0x7f6c61696340 (4 bytes)
1786235746.322969 sending message 105 to peer 0x7f6c61696340 (8 bytes)
1786235746.322972 sending message 105 to peer 0x7f6c61696340 (69 bytes)
1786235746.322976 sending message 105 to peer 0x7f6c61696340 (18 bytes)
1786235746.322979 sending message 105 to peer 0x7f6c61696340 (21 bytes)
1786235746.322982 sending message 105 to peer 0x7f6c61696340 (23 bytes)
1786235746.322986 sending message 105 to peer 0x7f6c61696340 (1817 bytes)
1786235746.322989 sending message 105 to peer 0x7f6c61696340 (62 bytes)
1786235746.322993 sending message 105 to peer 0x7f6c61696340 (12 bytes)
1786235746.322996 sending message 105 to peer 0x7f6c61696340 (18 bytes)
1786235746.322999 sending message 105 to peer 0x7f6c61696340 (19 bytes)
1786235746.323006 sending message 105 to peer 0x7f6c61696340 (16 bytes)
1786235746.323009 sending message 105 to peer 0x7f6c61696340 (27 bytes)
1786235746.323013 sending message 105 to peer 0x7f6c61696340 (16 bytes)
1786235746.323016 sending message 105 to peer 0x7f6c61696340 (35 bytes)
1786235746.323019 sending message 105 to peer 0x7f6c61696340 (41 bytes)
1786235746.323023 sending message 105 to peer 0x7f6c61696340 (17 bytes)
1786235746.323026 sending message 105 to peer 0x7f6c61696340 (42 bytes)
1786235746.323029 sending message 105 to peer 0x7f6c61696340 (47 bytes)
1786235746.323032 sending message 105 to peer 0x7f6c61696340 (23 bytes)
1786235746.323036 sending message 105 to peer 0x7f6c61696340 (41 bytes)
1786235746.323039 sending message 105 to peer 0x7f6c61696340 (28 bytes)
1786235746.323042 sending message 105 to peer 0x7f6c61696340 (15 bytes)
1786235746.323046 sending message 105 to peer 0x7f6c61696340 (14 bytes)
1786235746.323049 sending message 105 to peer 0x7f6c61696340 (20 bytes)
1786235746.323053 sending message 105 to peer 0x7f6c61696340 (55 bytes)
1786235746.323058 sending message 105 to peer 0x7f6c61696340 (18 bytes)
1786235746.323063 sending message 105 to peer 0x7f6c61696340 (33 bytes)
1786235746.323068 sending message 105 to peer 0x7f6c61696340 (69 bytes)
1786235746.323073 sending message 105 to peer 0x7f6c61696340 (16 bytes)
1786235746.323079 sending message 105 to peer 0x7f6c61696340 (19 bytes)
1786235746.323084 sending message 105 to peer 0x7f6c61696340 (31 bytes)
1786235746.323088 sending message 105 to peer 0x7f6c61696340 (85 bytes)
1786235746.323091 sending message 105 to peer 0x7f6c61696340 (20 bytes)
1786235746.323094 sending message 105 to peer 0x7f6c61696340 (236 bytes)
1786235746.323098 sending message 105 to peer 0x7f6c61696340 (22 bytes)
1786235746.323101 sending message 105 to peer 0x7f6c61696340 (54 bytes)
1786235746.323104 sending message 105 to peer 0x7f6c61696340 (14 bytes)
1786235746.323108 sending message 105 to peer 0x7f6c61696340 (31 bytes)
1786235746.323111 sending message 105 to peer 0x7f6c61696340 (53 bytes)
1786235746.323115 sending message 105 to peer 0x7f6c61696340 (40 bytes)
1786235746.323118 sending message 105 to peer 0x7f6c61696340 (275 bytes)
1786235746.323121 sending message 105 to peer 0x7f6c61696340 (26 bytes)
1786235746.323125 sending message 105 to peer 0x7f6c61696340 (18 bytes)
1786235746.323128 sending message 105 to peer 0x7f6c61696340 (53 bytes)
1786235746.323131 sending message 105 to peer 0x7f6c61696340 (31 bytes)
1786235746.323134 sending message 105 to peer 0x7f6c61696340 (411 bytes)
1786235746.323138 sending message 106 to peer 0x7f6c61696340 (0 bytes)
1786235746.323183 sending message 200 to peer 0x7f6c61696340 (4 bytes)
1786235746.323187 client loop enter
1786235746.323532 peer 0x7f6c61696340 message 303
1786235746.323542 open write file 2 -
1786235746.323549 sending message 305 to peer 0x7f6c61696340 (8 bytes)
1786235746.323565 write check file 2
1786235746.323662 peer 0x7f6c61696340 message 304
1786235746.323667 write 58 to file 2
1786235746.323672 peer 0x7f6c61696340 message 203
1786235746.323675 file 2 58 bytes left
1786235746.323689 write check file 2
1786235746.323692 client loop exit
